// Jest Snapshot v1, https://goo.gl/fbAQLP

exports[`MainMenuView renders correctly 1`] = `
<View
  style={
    Object {
      "backgroundColor": "#FFFFFF",
      "flex": 1,
      "justifyContent": "center",
      "paddingHorizontal": 16,
    }
  }
>
  <View>
    <Text
      style={
        Object {
          "color": "#1F1F1F",
          "fontFamily": "Poppins-Light",
          "fontSize": 24,
          "letterSpacing": 2,
          "marginBottom": 36,
          "paddingHorizontal": 20,
          "textAlign": "center",
          "textTransform": "uppercase",
        }
      }
    >
      Nando's coding challenge
    </Text>
    <View
      accessible={true}
      focusable={true}
      onClick={[Function]}
      onResponderGrant={[Function]}
      onResponderMove={[Function]}
      onResponderRelease={[Function]}
      onResponderTerminate={[Function]}
      onResponderTerminationRequest={[Function]}
      onStartShouldSetResponder={[Function]}
      style={
        Array [
          Object {
            "alignItems": "center",
            "alignSelf": "stretch",
            "backgroundColor": "#1F1F1F",
            "borderRadius": 40,
            "height": 40,
            "justifyContent": "center",
            "marginBottom": 10,
          },
          undefined,
        ]
      }
    >
      <Text
        style={
          Object {
            "color": "#FFFFFF",
            "fontFamily": "Poppins-Light",
            "fontSize": 14,
          }
        }
      >
        Custom Bridge Screen
      </Text>
    </View>
    <View
      accessible={true}
      focusable={true}
      onClick={[Function]}
      onResponderGrant={[Function]}
      onResponderMove={[Function]}
      onResponderRelease={[Function]}
      onResponderTerminate={[Function]}
      onResponderTerminationRequest={[Function]}
      onStartShouldSetResponder={[Function]}
      style={
        Array [
          Object {
            "alignItems": "center",
            "alignSelf": "stretch",
            "backgroundColor": "#1F1F1F",
            "borderRadius": 40,
            "height": 40,
            "justifyContent": "center",
            "marginBottom": 10,
          },
          undefined,
        ]
      }
    >
      <Text
        style={
          Object {
            "color": "#FFFFFF",
            "fontFamily": "Poppins-Light",
            "fontSize": 14,
          }
        }
      >
        Restaurant List Screen
      </Text>
    </View>
  </View>
</View>
`;
