// Jest Snapshot v1, https://goo.gl/fbAQLP

exports[`CustomBridgeView renders correctly 1`] = `
<View
  style={
    Object {
      "backgroundColor": "#FFFFFF",
      "flex": 1,
      "justifyContent": "center",
      "paddingHorizontal": 16,
    }
  }
>
  <View>
    <Text
      style={
        Object {
          "color": "#1F1F1F",
          "fontFamily": "Poppins-Light",
          "fontSize": 24,
          "letterSpacing": 2,
          "marginBottom": 6,
          "marginTop": -40,
          "paddingHorizontal": 20,
          "textAlign": "center",
          "textTransform": "uppercase",
        }
      }
    >
      APP VERSION
    </Text>
    <Text
      style={
        Object {
          "color": "#1F1F1F",
          "fontFamily": "Poppins-Light",
          "fontSize": 8,
          "letterSpacing": 2,
          "textAlign": "center",
          "textTransform": "uppercase",
        }
      }
    >
      this value from native modules
    </Text>
    <Text
      style={
        Object {
          "color": "#1F1F1F",
          "fontFamily": "Poppins-Medium",
          "fontSize": 34,
          "letterSpacing": 2,
          "marginTop": 18,
          "paddingHorizontal": 20,
          "textAlign": "center",
          "textTransform": "uppercase",
        }
      }
    >
      
    </Text>
  </View>
  <View
    accessible={true}
    focusable={true}
    onClick={[Function]}
    onResponderGrant={[Function]}
    onResponderMove={[Function]}
    onResponderRelease={[Function]}
    onResponderTerminate={[Function]}
    onResponderTerminationRequest={[Function]}
    onStartShouldSetResponder={[Function]}
    style={
      Array [
        Object {
          "alignItems": "center",
          "alignSelf": "stretch",
          "backgroundColor": "#1F1F1F",
          "borderRadius": 40,
          "height": 40,
          "justifyContent": "center",
          "marginBottom": 10,
        },
        Object {
          "bottom": 30,
          "left": 0,
          "marginHorizontal": 16,
          "position": "absolute",
          "right": 0,
        },
      ]
    }
  >
    <Text
      style={
        Object {
          "color": "#FFFFFF",
          "fontFamily": "Poppins-Light",
          "fontSize": 14,
        }
      }
    >
      Back
    </Text>
  </View>
</View>
`;
